INFO [2025-04-29 17:21:55] $x
INFO [2025-04-29 17:21:55] list(pH_3.0 = asvs_ph_3, pH_4.0 = asvs_ph_4, Control_pH = asvs_ph_5_6)
INFO [2025-04-29 17:21:55] 
INFO [2025-04-29 17:21:55] $filename
INFO [2025-04-29 17:21:55] NULL
INFO [2025-04-29 17:21:55] 
INFO [2025-04-29 17:21:55] $fill
INFO [2025-04-29 17:21:55] venn_colors
INFO [2025-04-29 17:21:55] 
INFO [2025-04-29 17:21:55] $alpha
INFO [2025-04-29 17:21:55] [1] 0.5
INFO [2025-04-29 17:21:55] 
INFO [2025-04-29 17:21:55] $cex
INFO [2025-04-29 17:21:55] [1] 1.2
INFO [2025-04-29 17:21:55] 
INFO [2025-04-29 17:21:55] $cat.cex
INFO [2025-04-29 17:21:55] [1] 1.1
INFO [2025-04-29 17:21:55] 
INFO [2025-04-29 17:21:55] $main
INFO [2025-04-29 17:21:55] [1] "Venn Diagram of ASV Overlap by pH"
INFO [2025-04-29 17:21:55] 
