INFO [2025-04-29 17:21:31] $x
INFO [2025-04-29 17:21:31] list(Control_Food = asvs_food_3, High_Food = asvs_food_6)
INFO [2025-04-29 17:21:31] 
INFO [2025-04-29 17:21:31] $filename
INFO [2025-04-29 17:21:31] NULL
INFO [2025-04-29 17:21:31] 
INFO [2025-04-29 17:21:31] $fill
INFO [2025-04-29 17:21:31] venn_colors
INFO [2025-04-29 17:21:31] 
INFO [2025-04-29 17:21:31] $alpha
INFO [2025-04-29 17:21:31] [1] 0.5
INFO [2025-04-29 17:21:31] 
INFO [2025-04-29 17:21:31] $cex
INFO [2025-04-29 17:21:31] [1] 1.2
INFO [2025-04-29 17:21:31] 
INFO [2025-04-29 17:21:31] $cat.cex
INFO [2025-04-29 17:21:31] [1] 1.1
INFO [2025-04-29 17:21:31] 
INFO [2025-04-29 17:21:31] $main
INFO [2025-04-29 17:21:31] [1] "Venn Diagram of ASV Overlap by Temperature"
INFO [2025-04-29 17:21:31] 
