INFO [2025-04-29 17:19:40] $x
INFO [2025-04-29 17:19:40] list(pH_3.0 = asvs_ph_3, pH_4.0 = asvs_ph_4, pH_5.6 = asvs_ph_5_6)
INFO [2025-04-29 17:19:40] 
INFO [2025-04-29 17:19:40] $filename
INFO [2025-04-29 17:19:40] NULL
INFO [2025-04-29 17:19:40] 
INFO [2025-04-29 17:19:40] $fill
INFO [2025-04-29 17:19:40] venn_colors
INFO [2025-04-29 17:19:40] 
INFO [2025-04-29 17:19:40] $alpha
INFO [2025-04-29 17:19:40] [1] 0.5
INFO [2025-04-29 17:19:40] 
INFO [2025-04-29 17:19:40] $cex
INFO [2025-04-29 17:19:40] [1] 1.2
INFO [2025-04-29 17:19:40] 
INFO [2025-04-29 17:19:40] $cat.cex
INFO [2025-04-29 17:19:40] [1] 1.1
INFO [2025-04-29 17:19:40] 
INFO [2025-04-29 17:19:40] $main
INFO [2025-04-29 17:19:40] [1] "Venn Diagram of ASV Overlap by pH"
INFO [2025-04-29 17:19:40] 
