INFO [2025-04-29 17:22:19] $x
INFO [2025-04-29 17:22:19] list(Control_Food = asvs_food_3, High_Food = asvs_food_6)
INFO [2025-04-29 17:22:19] 
INFO [2025-04-29 17:22:19] $filename
INFO [2025-04-29 17:22:19] NULL
INFO [2025-04-29 17:22:19] 
INFO [2025-04-29 17:22:19] $fill
INFO [2025-04-29 17:22:19] venn_colors
INFO [2025-04-29 17:22:19] 
INFO [2025-04-29 17:22:19] $alpha
INFO [2025-04-29 17:22:19] [1] 0.5
INFO [2025-04-29 17:22:19] 
INFO [2025-04-29 17:22:19] $cex
INFO [2025-04-29 17:22:19] [1] 1.2
INFO [2025-04-29 17:22:19] 
INFO [2025-04-29 17:22:19] $cat.cex
INFO [2025-04-29 17:22:19] [1] 1.1
INFO [2025-04-29 17:22:19] 
INFO [2025-04-29 17:22:19] $main
INFO [2025-04-29 17:22:19] [1] "Venn Diagram of ASV Overlap by Food"
INFO [2025-04-29 17:22:19] 
