INFO [2025-04-29 17:19:30] $x
INFO [2025-04-29 17:19:30] list(pH_3.0 = asvs_ph_3, pH_4.0 = asvs_ph_4, pH_5.6 = asvs_ph_5_6)
INFO [2025-04-29 17:19:30] 
INFO [2025-04-29 17:19:30] $filename
INFO [2025-04-29 17:19:30] NULL
INFO [2025-04-29 17:19:30] 
INFO [2025-04-29 17:19:30] $fill
INFO [2025-04-29 17:19:30] venn_colors
INFO [2025-04-29 17:19:30] 
INFO [2025-04-29 17:19:30] $alpha
INFO [2025-04-29 17:19:30] [1] 0.5
INFO [2025-04-29 17:19:30] 
INFO [2025-04-29 17:19:30] $cex
INFO [2025-04-29 17:19:30] [1] 1.2
INFO [2025-04-29 17:19:30] 
INFO [2025-04-29 17:19:30] $cat.cex
INFO [2025-04-29 17:19:30] [1] 1.1
INFO [2025-04-29 17:19:30] 
INFO [2025-04-29 17:19:30] $main
INFO [2025-04-29 17:19:30] [1] "Venn Diagram of ASV Overlap by Temperature"
INFO [2025-04-29 17:19:30] 
