INFO [2025-04-29 17:16:50] $x
INFO [2025-04-29 17:16:50] list(Temp22 = asvs_temp_22, Temp37 = asvs_temp_37)
INFO [2025-04-29 17:16:50] 
INFO [2025-04-29 17:16:50] $filename
INFO [2025-04-29 17:16:50] NULL
INFO [2025-04-29 17:16:50] 
INFO [2025-04-29 17:16:50] $fill
INFO [2025-04-29 17:16:50] venn_colors
INFO [2025-04-29 17:16:50] 
INFO [2025-04-29 17:16:50] $alpha
INFO [2025-04-29 17:16:50] [1] 0.5
INFO [2025-04-29 17:16:50] 
INFO [2025-04-29 17:16:50] $cex
INFO [2025-04-29 17:16:50] [1] 1.2
INFO [2025-04-29 17:16:50] 
INFO [2025-04-29 17:16:50] $cat.cex
INFO [2025-04-29 17:16:50] [1] 1.1
INFO [2025-04-29 17:16:50] 
INFO [2025-04-29 17:16:50] $main
INFO [2025-04-29 17:16:50] [1] "Venn Diagram of ASV Overlap by Temperature, Food, and pH Conditions"
INFO [2025-04-29 17:16:50] 
ERROR [2025-04-29 17:16:50] Unexpected parameter length for "fill"
