INFO [2025-04-29 17:17:35] $x
INFO [2025-04-29 17:17:35] list(Temp22 = asvs_temp_22, Temp37 = asvs_temp_37)
INFO [2025-04-29 17:17:35] 
INFO [2025-04-29 17:17:35] $filename
INFO [2025-04-29 17:17:35] NULL
INFO [2025-04-29 17:17:35] 
INFO [2025-04-29 17:17:35] $fill
INFO [2025-04-29 17:17:35] venn_colors
INFO [2025-04-29 17:17:35] 
INFO [2025-04-29 17:17:35] $alpha
INFO [2025-04-29 17:17:35] [1] 0.5
INFO [2025-04-29 17:17:35] 
INFO [2025-04-29 17:17:35] $cex
INFO [2025-04-29 17:17:35] [1] 1.2
INFO [2025-04-29 17:17:35] 
INFO [2025-04-29 17:17:35] $cat.cex
INFO [2025-04-29 17:17:35] [1] 1.1
INFO [2025-04-29 17:17:35] 
INFO [2025-04-29 17:17:35] $main
INFO [2025-04-29 17:17:35] [1] "Venn Diagram of ASV Overlap by Temperature, Food, and pH Conditions"
INFO [2025-04-29 17:17:35] 
