INFO [2025-04-29 17:22:48] $x
INFO [2025-04-29 17:22:48] list(Temp_22C = asvs_temp_22, Control_Temp = asvs_temp_37)
INFO [2025-04-29 17:22:48] 
INFO [2025-04-29 17:22:48] $filename
INFO [2025-04-29 17:22:48] NULL
INFO [2025-04-29 17:22:48] 
INFO [2025-04-29 17:22:48] $fill
INFO [2025-04-29 17:22:48] venn_colors
INFO [2025-04-29 17:22:48] 
INFO [2025-04-29 17:22:48] $alpha
INFO [2025-04-29 17:22:48] [1] 0.5
INFO [2025-04-29 17:22:48] 
INFO [2025-04-29 17:22:48] $cex
INFO [2025-04-29 17:22:48] [1] 1.2
INFO [2025-04-29 17:22:48] 
INFO [2025-04-29 17:22:48] $cat.cex
INFO [2025-04-29 17:22:48] [1] 1.1
INFO [2025-04-29 17:22:48] 
INFO [2025-04-29 17:22:48] $main
INFO [2025-04-29 17:22:48] [1] "Venn Diagram of ASV Overlap by Temperature"
INFO [2025-04-29 17:22:48] 
