INFO [2025-04-29 17:14:16] $x
INFO [2025-04-29 17:14:16] list(Temp22 = asvs_temp_22, Temp37 = asvs_temp_37, Food3 = asvs_food_3, 
INFO [2025-04-29 17:14:16]     Food6 = asvs_food_6, pH3 = asvs_ph_3, pH4 = asvs_ph_4, pH5_6 = asvs_ph_5_6)
INFO [2025-04-29 17:14:16] 
INFO [2025-04-29 17:14:16] $filename
INFO [2025-04-29 17:14:16] NULL
INFO [2025-04-29 17:14:16] 
INFO [2025-04-29 17:14:16] $fill
INFO [2025-04-29 17:14:16] venn_colors
INFO [2025-04-29 17:14:16] 
INFO [2025-04-29 17:14:16] $alpha
INFO [2025-04-29 17:14:16] [1] 0.5
INFO [2025-04-29 17:14:16] 
INFO [2025-04-29 17:14:16] $cex
INFO [2025-04-29 17:14:16] [1] 1.2
INFO [2025-04-29 17:14:16] 
INFO [2025-04-29 17:14:16] $cat.cex
INFO [2025-04-29 17:14:16] [1] 1.1
INFO [2025-04-29 17:14:16] 
INFO [2025-04-29 17:14:16] $main
INFO [2025-04-29 17:14:16] [1] "Venn Diagram of ASV Overlap by Temperature, Food, and pH Conditions"
INFO [2025-04-29 17:14:16] 
ERROR [2025-04-29 17:14:16] Incorrect number of elements.
