INFO [2025-04-29 17:07:52] $x
INFO [2025-04-29 17:07:52] list(`pH 3` = asvs_pH_3, `pH 4` = asvs_pH_4, `pH 5.6` = asvs_pH_5_6)
INFO [2025-04-29 17:07:52] 
INFO [2025-04-29 17:07:52] $category.names
INFO [2025-04-29 17:07:52] c("pH 3", "pH 4", "pH 5.6")
INFO [2025-04-29 17:07:52] 
INFO [2025-04-29 17:07:52] $filename
INFO [2025-04-29 17:07:52] NULL
INFO [2025-04-29 17:07:52] 
INFO [2025-04-29 17:07:52] $output
INFO [2025-04-29 17:07:52] [1] TRUE
INFO [2025-04-29 17:07:52] 
INFO [2025-04-29 17:07:52] $main
INFO [2025-04-29 17:07:52] [1] "Venn Diagram of ASV Overlap by pH Levels"
INFO [2025-04-29 17:07:52] 
INFO [2025-04-29 17:07:52] $fill
INFO [2025-04-29 17:07:52] ph_colors[c("3", "4", "5.6")]
INFO [2025-04-29 17:07:52] 
INFO [2025-04-29 17:07:52] $cat.cex
INFO [2025-04-29 17:07:52] [1] 1.5
INFO [2025-04-29 17:07:52] 
INFO [2025-04-29 17:07:52] $cex
INFO [2025-04-29 17:07:52] [1] 1.5
INFO [2025-04-29 17:07:52] 
INFO [2025-04-29 17:07:52] $cat.col
INFO [2025-04-29 17:07:52] [1] "black"
INFO [2025-04-29 17:07:52] 
INFO [2025-04-29 17:07:52] $lwd
INFO [2025-04-29 17:07:52] [1] 2
INFO [2025-04-29 17:07:52] 
INFO [2025-04-29 17:07:52] $alpha
INFO [2025-04-29 17:07:52] [1] 0.5
INFO [2025-04-29 17:07:52] 
